== Overall (position-level) ==
Micro  SP=0.6745  SR=0.6977  SF1=0.6859   (overlap=893, pred_pos=1324, gold_pos=1280)
Micro* MP=0.6158  MR=0.4479  MF1=0.5186   (overlap_major=258, pred_major_pos=419, gold_major_pos=576)
Macro  SP=0.6424  SR=0.7306  SF1=0.7114   (items_with_pred=135, items_with_gold=131)
Macro* MP=0.5251  MR=0.4040  MF1=0.7218   (items_with_pred_major=80, items_with_gold_major=88)

== Per-system (Micro/Macro) ==
[default]  Micro  SP=0.6745 SR=0.6977 SF1=0.6859  | Micro* MP=0.6158 MR=0.4479 MF1=0.5186  || Macro  SP=0.6424 SR=0.7306 SF1=0.7114  | Macro* MP=0.5251 MR=0.4040 MF1=0.7218

#id     system      SP      SR      SF1     MP      MR      MF1     n_pred_pos  n_pred_major_pos  n_gold_pos  n_gold_major_pos  overlap  overlap_major
0       default     1.0000  0.3333  0.5000  1.0000  0.3333  0.5000  1           1                 3           3                 1        1            
1       default     1.0000  1.0000  1.0000  0.0000  n/a     n/a     13          8                 13          0                 13       0            
10      default     0.6250  0.6250  0.6250  n/a     0.0000  n/a     8           0                 8           2                 5        0            
100     default     0.7333  0.4783  0.5789  0.0000  0.0000  n/a     15          2                 23          6                 11       0            
1001    default     0.0000  0.0000  n/a     0.0000  n/a     n/a     4           4                 1           0                 0        0            
1002    default     0.4000  0.6667  0.5000  1.0000  0.3333  0.5000  10          2                 6           6                 4        2            
1003    default     0.0000  0.0000  n/a     0.0000  n/a     n/a     3           2                 2           0                 0        0            
1004    default     0.2857  0.6667  0.4000  1.0000  0.6667  0.8000  7           2                 3           3                 2        2            
1005    default     0.5000  1.0000  0.6667  n/a     0.0000  n/a     2           0                 1           1                 1        0            
1006    default     0.4286  0.8571  0.5714  n/a     0.0000  n/a     14          0                 7           7                 6        0            
1008    default     0.2000  0.2000  0.2000  0.0000  n/a     n/a     5           2                 5           0                 1        0            
1009    default     0.5000  1.0000  0.6667  1.0000  1.0000  1.0000  4           2                 2           2                 2        2            
101     default     0.7500  0.5455  0.6316  0.0000  0.0000  n/a     8           2                 11          1                 6        0            
1010    default     0.4286  1.0000  0.6000  n/a     n/a     n/a     7           0                 3           0                 3        0            
1011    default     0.2000  1.0000  0.3333  n/a     n/a     n/a     5           0                 1           0                 1        0            
1012    default     0.6000  1.0000  0.7500  0.2000  0.2500  0.2222  10          5                 6           4                 6        1            
1013    default     1.0000  0.8750  0.9333  n/a     n/a     n/a     7           0                 8           0                 7        0            
1014    default     0.5714  0.6667  0.6154  0.0000  0.0000  n/a     7           1                 6           4                 4        0            
1015    default     1.0000  0.5000  0.6667  1.0000  0.5000  0.6667  10          10                20          20                10       10           
1016    default     0.5000  0.6250  0.5556  1.0000  0.8333  0.9091  10          5                 8           6                 5        5            
1017    default     0.5556  0.8333  0.6667  1.0000  0.2500  0.4000  18          3                 12          12                10       3            
1018    default     0.6667  1.0000  0.8000  0.0000  n/a     n/a     6           4                 4           0                 4        0            
1019    default     0.6364  0.6364  0.6364  1.0000  0.2727  0.4286  11          3                 11          11                7        3            
102     default     n/a     0.0000  n/a     n/a     0.0000  n/a     0           0                 5           3                 0        0            
1020    default     0.6364  1.0000  0.7778  0.0000  n/a     n/a     11          3                 7           0                 7        0            
1021    default     0.4444  0.8000  0.5714  n/a     n/a     n/a     9           0                 5           0                 4        0            
1022    default     0.4667  0.8750  0.6087  0.6000  0.3750  0.4615  15          5                 8           8                 7        3            
1023    default     0.2500  1.0000  0.4000  0.0000  n/a     n/a     8           3                 2           0                 2        0            
1024    default     0.5714  0.8889  0.6957  1.0000  0.6000  0.7500  14          3                 9           5                 8        3            
1026    default     0.7143  0.8824  0.7895  0.8333  0.9091  0.8696  21          12                17          11                15       10           
1027    default     0.8462  0.6875  0.7586  n/a     0.0000  n/a     13          0                 16          13                11       0            
1028    default     0.2857  1.0000  0.4444  0.4000  1.0000  0.5714  7           5                 2           2                 2        2            
1029    default     0.5455  1.0000  0.7059  n/a     0.0000  n/a     11          0                 6           2                 6        0            
103     default     0.2500  0.6667  0.3636  0.0000  n/a     n/a     8           3                 3           0                 2        0            
1030    default     0.0000  n/a     n/a     n/a     n/a     n/a     2           0                 0           0                 0        0            
1031    default     1.0000  1.0000  1.0000  1.0000  1.0000  1.0000  4           4                 4           4                 4        4            
1032    default     n/a     0.0000  n/a     n/a     0.0000  n/a     0           0                 17          13                0        0            
1033    default     0.0833  0.2000  0.1176  n/a     0.0000  n/a     12          0                 5           4                 1        0            
1034    default     1.0000  0.6667  0.8000  1.0000  0.6667  0.8000  6           6                 9           9                 6        6            
1035    default     0.5714  1.0000  0.7273  0.8889  1.0000  0.9412  14          9                 8           8                 8        8            
1036    default     n/a     0.0000  n/a     n/a     n/a     n/a     0           0                 3           0                 0        0            
1038    default     0.5556  1.0000  0.7143  1.0000  1.0000  1.0000  9           5                 5           5                 5        5            
1039    default     0.2727  0.7500  0.4000  0.0000  0.0000  n/a     11          1                 4           4                 3        0            
104     default     0.6000  0.7500  0.6667  n/a     0.0000  n/a     5           0                 4           2                 3        0            
1040    default     1.0000  1.0000  1.0000  n/a     n/a     n/a     6           0                 6           0                 6        0            
1041    default     0.6667  0.8000  0.7273  n/a     0.0000  n/a     6           0                 5           5                 4        0            
1042    default     1.0000  1.0000  1.0000  n/a     0.0000  n/a     10          0                 10          8                 10       0            
1043    default     n/a     0.0000  n/a     n/a     n/a     n/a     0           0                 1           0                 0        0            
1044    default     0.7778  1.0000  0.8750  n/a     0.0000  n/a     9           0                 7           7                 7        0            
1045    default     0.9091  0.8333  0.8696  1.0000  0.8333  0.9091  11          10                12          12                10       10           
1046    default     0.7273  0.5714  0.6400  0.3333  0.0769  0.1250  22          6                 28          26                16       2            
1047    default     0.8125  0.8667  0.8387  0.9167  0.7333  0.8148  16          12                15          15                13       11           
1048    default     0.0000  n/a     n/a     n/a     n/a     n/a     1           0                 0           0                 0        0            
105     default     0.5000  1.0000  0.6667  0.0000  n/a     n/a     4           2                 2           0                 2        0            
11      default     1.0000  1.0000  1.0000  1.0000  1.0000  1.0000  5           5                 5           5                 5        5            
12      default     0.3571  0.7143  0.4762  0.0000  0.0000  n/a     14          3                 7           2                 5        0            
13      default     1.0000  1.0000  1.0000  1.0000  0.4286  0.6000  7           3                 7           7                 7        3            
14      default     0.0000  n/a     n/a     n/a     n/a     n/a     2           0                 0           0                 0        0            
15      default     n/a     n/a     n/a     n/a     n/a     n/a     0           0                 0           0                 0        0            
16      default     0.5000  0.5000  0.5000  0.5000  1.0000  0.6667  8           4                 8           2                 4        2            
17      default     1.0000  0.6667  0.8000  0.5000  0.5714  0.5333  12          8                 18          7                 12       4            
18      default     0.7500  0.7500  0.7500  0.2500  1.0000  0.4000  8           4                 8           1                 6        1            
19      default     n/a     0.0000  n/a     n/a     n/a     n/a     0           0                 4           0                 0        0            
20      default     1.0000  1.0000  1.0000  1.0000  0.2222  0.3636  11          2                 11          9                 11       2            
21      default     0.7500  0.4000  0.5217  0.6667  0.5714  0.6154  8           6                 15          7                 6        4            
22      default     n/a     0.0000  n/a     n/a     0.0000  n/a     0           0                 2           2                 0        0            
23      default     0.0000  n/a     n/a     n/a     n/a     n/a     12          0                 0           0                 0        0            
24      default     1.0000  1.0000  1.0000  n/a     0.0000  n/a     8           0                 8           7                 8        0            
25      default     0.5714  1.0000  0.7273  0.4545  0.6250  0.5263  14          11                8           8                 8        5            
26      default     0.7333  0.9167  0.8148  0.8000  0.3636  0.5000  15          5                 12          11                11       4            
27      default     0.7000  1.0000  0.8235  1.0000  0.4000  0.5714  10          2                 7           5                 7        2            
28      default     1.0000  1.0000  1.0000  n/a     n/a     n/a     2           0                 2           0                 2        0            
29      default     0.8333  0.7143  0.7692  0.8000  0.8000  0.8000  6           5                 7           5                 5        4            
30      default     0.4000  0.8889  0.5517  0.0000  n/a     n/a     20          1                 9           0                 8        0            
31      default     1.0000  1.0000  1.0000  1.0000  1.0000  1.0000  7           3                 7           3                 7        3            
32      default     1.0000  0.8824  0.9375  0.0000  n/a     n/a     15          2                 17          0                 15       0            
33      default     0.4444  1.0000  0.6154  n/a     0.0000  n/a     9           0                 4           2                 4        0            
34      default     1.0000  1.0000  1.0000  0.6000  0.6000  0.6000  7           5                 7           5                 7        3            
35      default     0.0000  n/a     n/a     n/a     n/a     n/a     3           0                 0           0                 0        0            
36      default     0.6667  1.0000  0.8000  0.0000  n/a     n/a     6           2                 4           0                 4        0            
37      default     0.6667  1.0000  0.8000  0.5000  1.0000  0.6667  9           6                 6           3                 6        3            
38      default     0.8182  0.9000  0.8571  n/a     0.0000  n/a     22          0                 20          11                18       0            
39      default     0.9091  0.6452  0.7547  0.6000  1.0000  0.7500  22          15                31          9                 20       9            
4       default     0.6000  1.0000  0.7500  n/a     n/a     n/a     5           0                 3           0                 3        0            
40      default     0.6000  0.7500  0.6667  1.0000  0.5000  0.6667  5           1                 4           2                 3        1            
41      default     0.0000  n/a     n/a     0.0000  n/a     n/a     9           7                 0           0                 0        0            
42      default     0.0000  n/a     n/a     0.0000  n/a     n/a     9           3                 0           0                 0        0            
43      default     0.0000  n/a     n/a     n/a     n/a     n/a     8           0                 0           0                 0        0            
44      default     0.0000  0.0000  n/a     n/a     n/a     n/a     6           0                 7           0                 0        0            
45      default     0.5000  0.9167  0.6471  1.0000  0.9167  0.9565  22          11                12          12                11       11           
46      default     n/a     0.0000  n/a     n/a     n/a     n/a     0           0                 15          0                 0        0            
47      default     1.0000  0.9091  0.9524  0.0000  n/a     n/a     10          6                 11          0                 10       0            
48      default     1.0000  0.3846  0.5556  0.0000  n/a     n/a     5           3                 13          0                 5        0            
49      default     1.0000  0.7778  0.8750  0.0000  n/a     n/a     7           3                 9           0                 7        0            
5       default     0.3333  1.0000  0.5000  0.6250  1.0000  0.7692  15          8                 5           5                 5        5            
51      default     1.0000  1.0000  1.0000  1.0000  0.4444  0.6154  9           4                 9           9                 9        4            
52      default     0.4000  0.5000  0.4444  n/a     n/a     n/a     5           0                 4           0                 2        0            
53      default     0.0000  n/a     n/a     n/a     n/a     n/a     5           0                 0           0                 0        0            
54      default     0.6000  0.3750  0.4615  0.6000  1.0000  0.7500  5           5                 8           3                 3        3            
55      default     0.6667  0.8000  0.7273  1.0000  1.0000  1.0000  6           4                 5           4                 4        4            
56      default     0.7037  0.6333  0.6667  n/a     n/a     n/a     27          0                 30          0                 19       0            
57      default     1.0000  0.7500  0.8571  n/a     0.0000  n/a     6           0                 8           6                 6        0            
58      default     0.8462  0.8462  0.8462  1.0000  0.7273  0.8421  13          8                 13          11                11       8            
6       default     0.5000  0.7500  0.6000  0.0000  0.0000  n/a     12          3                 8           3                 6        0            
61      default     1.0000  1.0000  1.0000  n/a     0.0000  n/a     6           0                 6           3                 6        0            
62      default     0.7500  1.0000  0.8571  n/a     0.0000  n/a     8           0                 6           2                 6        0            
63      default     0.3333  0.8000  0.4706  n/a     0.0000  n/a     12          0                 5           2                 4        0            
64      default     1.0000  1.0000  1.0000  1.0000  1.0000  1.0000  3           3                 3           3                 3        3            
65      default     0.8182  1.0000  0.9000  n/a     0.0000  n/a     11          0                 9           6                 9        0            
66      default     0.8333  1.0000  0.9091  n/a     n/a     n/a     12          0                 10          0                 10       0            
67      default     1.0000  0.6250  0.7692  n/a     n/a     n/a     5           0                 8           0                 5        0            
68      default     1.0000  0.5000  0.6667  n/a     0.0000  n/a     7           0                 14          2                 7        0            
69      default     0.0000  n/a     n/a     0.0000  n/a     n/a     10          5                 0           0                 0        0            
70      default     1.0000  1.0000  1.0000  n/a     0.0000  n/a     2           0                 2           2                 2        0            
71      default     0.0000  n/a     n/a     n/a     n/a     n/a     2           0                 0           0                 0        0            
72      default     1.0000  0.5833  0.7368  n/a     n/a     n/a     14          0                 24          0                 14       0            
73      default     1.0000  0.4667  0.6364  n/a     n/a     n/a     7           0                 15          0                 7        0            
74      default     0.7000  0.8235  0.7568  0.0000  n/a     n/a     20          14                17          0                 14       0            
75      default     1.0000  0.8000  0.8889  0.0000  n/a     n/a     4           1                 5           0                 4        0            
76      default     0.5833  0.5000  0.5385  0.0000  0.0000  n/a     12          5                 14          2                 7        0            
77      default     0.9062  0.8529  0.8788  1.0000  0.6071  0.7556  32          17                34          28                29       17           
78      default     0.7391  1.0000  0.8500  n/a     n/a     n/a     23          0                 17          0                 17       0            
79      default     0.9024  1.0000  0.9487  0.9375  0.8108  0.8696  41          32                37          37                37       30           
80      default     0.2857  0.5000  0.3636  n/a     n/a     n/a     7           0                 4           0                 2        0            
81      default     0.8333  0.5556  0.6667  n/a     n/a     n/a     6           0                 9           0                 5        0            
82      default     1.0000  0.5000  0.6667  n/a     0.0000  n/a     6           0                 12          12                6        0            
83      default     0.8889  0.5161  0.6531  n/a     n/a     n/a     18          0                 31          0                 16       0            
84      default     0.7500  0.7500  0.7500  1.0000  1.0000  1.0000  4           3                 4           3                 3        3            
85      default     1.0000  0.3333  0.5000  0.0000  n/a     n/a     10          5                 30          0                 10       0            
86      default     1.0000  0.1304  0.2308  0.0000  0.0000  n/a     3           3                 23          2                 3        0            
87      default     0.7600  0.5758  0.6552  n/a     0.0000  n/a     25          0                 33          8                 19       0            
88      default     0.9200  0.8846  0.9020  1.0000  1.0000  1.0000  25          2                 26          2                 23       2            
89      default     0.7778  0.7000  0.7368  n/a     0.0000  n/a     9           0                 10          1                 7        0            
90      default     0.5000  1.0000  0.6667  n/a     n/a     n/a     2           0                 1           0                 1        0            
91      default     1.0000  0.1667  0.2857  n/a     0.0000  n/a     4           0                 24          2                 4        0            
92      default     0.5000  0.6667  0.5714  n/a     0.0000  n/a     8           0                 6           6                 4        0            
93      default     0.7778  1.0000  0.8750  n/a     0.0000  n/a     9           0                 7           4                 7        0            
94      default     0.6000  1.0000  0.7500  n/a     n/a     n/a     5           0                 3           0                 3        0            
95      default     0.8000  1.0000  0.8889  1.0000  1.0000  1.0000  10          4                 8           4                 8        4            
96      default     0.8571  0.8571  0.8571  n/a     0.0000  n/a     7           0                 7           1                 6        0            
97      default     1.0000  0.8333  0.9091  1.0000  0.6667  0.8000  15          12                18          18                15       12           
98      default     0.6250  1.0000  0.7692  0.0000  n/a     n/a     8           4                 5           0                 5        0            
99      default     0.3636  0.6667  0.4706  1.0000  0.6667  0.8000  11          4                 6           6                 4        4            
